// Jest Snapshot v1, https://goo.gl/fbAQLP

exports[`snapshot should look sensible 1`] = `
<div
  class="ms-Stack FullItemDisplay css-42"
>
  <div
    class="ms-StackItem css-43"
  >
    <div
      class="ms-Stack NavigationControls css-44"
    >
      <div
        class="ms-StackItem css-43"
      >
        <button
          aria-label="Previous item"
          class="ms-Button ms-Button--icon navigation-button root-45"
          data-is-focusable="true"
          type="button"
        >
          <span
            class="ms-Button-flexContainer flexContainer-46"
            data-automationid="splitbuttonprimary"
          >
            <i
              aria-hidden="true"
              class="ms-Icon root-35 ms-Button-icon icon-48"
              data-icon-name="ChevronLeft"
              role="presentation"
            />
          </span>
        </button>
      </div>
      <div
        class="ms-StackItem css-43"
      >
        <button
          aria-label="Next item"
          class="ms-Button ms-Button--icon navigation-button root-45"
          data-is-focusable="true"
          type="button"
        >
          <span
            class="ms-Button-flexContainer flexContainer-46"
            data-automationid="splitbuttonprimary"
          >
            <i
              aria-hidden="true"
              class="ms-Icon root-35 ms-Button-icon icon-48"
              data-icon-name="ChevronRight"
              role="presentation"
            />
          </span>
        </button>
      </div>
    </div>
  </div>
  <div
    class="ms-StackItem item-content css-53"
  >
    <div
      class="title"
    >
      A comment
    </div>
    <div
      class="by"
    >
      King Julian
    </div>
    <div
      class="date"
    >
      17:38, Tuesday February 11th 2020
    </div>
    <div
      class="content"
    >
      I believe
    </div>
    <div
      class="CommentsSection"
    >
      <div
        class="title"
      >
        Comments:
      </div>
      <div
        class="LoadShimmer"
        style="height: 95px; margin-bottom: 20px;"
        title="loading"
      >
        <div
          class="ms-Shimmer-container top root-54"
        >
          <div
            class="ms-Shimmer-shimmerWrapper shimmerWrapper-55"
            style="width: 100%;"
          >
            <div
              class="ms-Shimmer-shimmerGradient shimmerGradient-56"
            />
            <div
              class="ms-ShimmerElementsGroup-root root-58"
              style="width: auto;"
            >
              <div
                class="ms-ShimmerLine-root root-59"
                style="width: 80%; min-width: auto;"
              >
                <svg
                  class="ms-ShimmerLine-topLeftCorner topLeftCorner-60"
                  height="2"
                  width="2"
                >
                  <path
                    d="M0 2 A 2 2, 0, 0, 1, 2 0 L 0 0 Z"
                  />
                </svg>
                <svg
                  class="ms-ShimmerLine-topRightCorner topRightCorner-61"
                  height="2"
                  width="2"
                >
                  <path
                    d="M0 0 A 2 2, 0, 0, 1, 2 2 L 2 0 Z"
                  />
                </svg>
                <svg
                  class="ms-ShimmerLine-bottomRightCorner bottomRightCorner-62"
                  height="2"
                  width="2"
                >
                  <path
                    d="M2 0 A 2 2, 0, 0, 1, 0 2 L 2 2 Z"
                  />
                </svg>
                <svg
                  class="ms-ShimmerLine-bottomLeftCorner bottomLeftCorner-63"
                  height="2"
                  width="2"
                >
                  <path
                    d="M2 2 A 2 2, 0, 0, 1, 0 0 L 0 2 Z"
                  />
                </svg>
              </div>
            </div>
          </div>
        </div>
        <div
          class="ms-Shimmer-container root-54"
        >
          <div
            class="ms-Shimmer-shimmerWrapper shimmerWrapper-55"
            style="width: 30%;"
          >
            <div
              class="ms-Shimmer-shimmerGradient shimmerGradient-56"
            />
            <div
              class="ms-ShimmerElementsGroup-root root-58"
              style="width: auto;"
            >
              <div
                class="ms-ShimmerLine-root root-64"
                style="width: 100%; min-width: auto;"
              >
                <svg
                  class="ms-ShimmerLine-topLeftCorner topLeftCorner-60"
                  height="2"
                  width="2"
                >
                  <path
                    d="M0 2 A 2 2, 0, 0, 1, 2 0 L 0 0 Z"
                  />
                </svg>
                <svg
                  class="ms-ShimmerLine-topRightCorner topRightCorner-61"
                  height="2"
                  width="2"
                >
                  <path
                    d="M0 0 A 2 2, 0, 0, 1, 2 2 L 2 0 Z"
                  />
                </svg>
                <svg
                  class="ms-ShimmerLine-bottomRightCorner bottomRightCorner-62"
                  height="2"
                  width="2"
                >
                  <path
                    d="M2 0 A 2 2, 0, 0, 1, 0 2 L 2 2 Z"
                  />
                </svg>
                <svg
                  class="ms-ShimmerLine-bottomLeftCorner bottomLeftCorner-63"
                  height="2"
                  width="2"
                >
                  <path
                    d="M2 2 A 2 2, 0, 0, 1, 0 0 L 0 2 Z"
                  />
                </svg>
              </div>
            </div>
          </div>
        </div>
      </div>
    </div>
  </div>
</div>
`;
