// Jest Snapshot v1, https://goo.gl/fbAQLP

exports[`snapshot should look sensible 1`] = `
<div
  class="ms-Dropdown-container StoryTypeFilter root-40"
>
  <div
    aria-expanded="false"
    aria-haspopup="listbox"
    class="ms-Dropdown dropdown-42"
    data-is-focusable="true"
    id="Dropdown0"
    role="listbox"
    tabindex="0"
  >
    <span
      aria-atomic="true"
      aria-invalid="false"
      aria-live="polite"
      aria-posinset="1"
      aria-selected="true"
      aria-setsize="3"
      class="ms-Dropdown-title title-43"
      id="Dropdown0-option"
      role="option"
    >
      Newest
    </span>
    <span
      class="ms-Dropdown-caretDownWrapper caretDownWrapper-44"
    >
      <i
        aria-hidden="true"
        class="ms-Dropdown-caretDown caretDown-58"
        data-icon-name="ChevronDown"
      />
    </span>
  </div>
</div>
`;
